// Jest Snapshot v1, https://goo.gl/fbAQLP

exports[`Pruebas en el GifItem Debe hacer match con el snapshot 1`] = `
<DocumentFragment>
  <div
    class="card"
  >
    <img
      alt="Saitma"
      src="https://media.giphy.com/media/3oEjI6SIIHBdRxXI40/source"
    />
    <p>
      Saitma
    </p>
  </div>
</DocumentFragment>
`;
